// Jest Snapshot v1, https://goo.gl/fbAQLP

exports[`Loading message appears renders correctly 1`] = `ShallowWrapper {}`;
